[INFO][0ns] Done! Total names : 22779
[INFO][0ns] Done! Total exprs : 279691
[INFO][0ns] Done! Total levels : 198
[INFO][0ns] Done! Total declarations : 7549
[INFO][0ns] Done! Total rec rules : 357
